Hello, file write works!
